// Jest Snapshot v1, https://goo.gl/fbAQLP

exports[`github-list when there 2 rows of data available renders both rows 1`] = `
<div>
  <div
    className="panel panel-default"
    id={undefined}
  >
    <div
      className="panel-body"
    >
      <div>
        first-full-name
      </div>
      <div>
        first-full-description
      </div>
    </div>
  </div>
  <div
    className="panel panel-default"
    id={undefined}
  >
    <div
      className="panel-body"
    >
      <div>
        second-full-name
      </div>
      <div>
        second-full-description
      </div>
    </div>
  </div>
</div>
`;

exports[`github-list when there is no data available renders no rows or indicator 1`] = `<div />`;
